[shuvechhyabajracharya.com/dataops/index.html]
[backblue.gif]
[fade.gif]
[index.html]

[shuvechhyabajracharya.com/dataops/wp-content/cache/autoptimize/20/css/autoptimize_3861d21fd7987a6987056c1bb4a6aa76.css]
[shuvechhyabajracharya.com/dataops/feed/index.html]
[bslthemes.com/bslthms-advanced-btns/assets/style.css]
[shuvechhyabajracharya.com/dataops/comments/feed/index.html]
[shuvechhyabajracharya.com/dataops/wp-content/cache/autoptimize/20/css/autoptimize_single_688a4cc8fb687c0cfd7b05065f0ae6ef.css]
[shuvechhyabajracharya.com/dataops/wp-content/cache/autoptimize/20/css/autoptimize_single_dbaa29f13718f1c1243a9c2e8bc31bad.css]
[shuvechhyabajracharya.com/dataops/wp-content/cache/autoptimize/20/css/autoptimize_single_71c7d1816cd930c37d8cf71521ec0864.css]
[shuvechhyabajracharya.com/dataops/wp-content/cache/autoptimize/20/css/autoptimize_single_2e01d7c33896561776099676549c6975.css]
[shuvechhyabajracharya.com/dataops/wp-content/cache/autoptimize/20/css/autoptimize_single_291992b53cb1d70971080ccb6a012c11.css]
[shuvechhyabajracharya.com/dataops/wp-includes/js/jquery/jquery.min.js]
[shuvechhyabajracharya.com/dataops/wp-content/uploads/sites/20/2024/06/cropped-logo4n-32x32.png]
[shuvechhyabajracharya.com/dataops/wp-content/uploads/sites/20/2024/06/cropped-logo4n-192x192.png]
[shuvechhyabajracharya.com/dataops/wp-content/uploads/sites/20/2024/06/cropped-logo4n-180x180.png]
[shuvechhyabajracharya.com/dataops/wp-content/uploads/sites/20/2024/06/r-video-01-1.mp4]
[shuvechhyabajracharya.com/dataops/wp-content/uploads/sites/20/2024/06/r-video-02.mp4]
[shuvechhyabajracharya.com/dataops/wp-content/uploads/sites/20/2024/05/profile.jpg]
[shuvechhyabajracharya.com/dataops/wp-content/uploads/sites/20/2022/07/Shuvechhya.pdf]
[shuvechhyabajracharya.com/dataops/wp-content/uploads/sites/20/2024/06/icons8-python-240-184x184.png]
[shuvechhyabajracharya.com/dataops/2020/04/28/brand-identity-with-code/index.html]
[shuvechhyabajracharya.com/dataops/wp-content/uploads/sites/20/2024/06/icons8-postgresql-240-184x184.png]
[shuvechhyabajracharya.com/dataops/2020/04/28/data-center-infrastructure/index.html]
[shuvechhyabajracharya.com/dataops/wp-content/uploads/sites/20/2024/06/icons8-azure-240-184x184.png]
[shuvechhyabajracharya.com/dataops/wp-content/uploads/sites/20/2024/06/icons8-aws-240-184x184.png]
[shuvechhyabajracharya.com/dataops/2020/04/28/music-player-design/index.html]
[shuvechhyabajracharya.com/dataops/2020/04/28/data-analytics-dashboard/index.html]
[shuvechhyabajracharya.com/dataops/wp-content/uploads/sites/20/2024/05/serv-1-184x184.png]
[shuvechhyabajracharya.com/dataops/2020/04/28/creativity-is-more-than/index.html]
[shuvechhyabajracharya.com/dataops/2020/04/index.html]
[shuvechhyabajracharya.com/dataops/category/code/index.html]
[shuvechhyabajracharya.com/dataops/category/design/index.html]
[shuvechhyabajracharya.com/dataops/category/music/index.html]
[shuvechhyabajracharya.com/dataops/wp-content/uploads/sites/20/2024/05/serv-2-184x151.png]
[shuvechhyabajracharya.com/dataops/wp-content/uploads/sites/20/2024/05/serv-3-184x184.png]
[shuvechhyabajracharya.com/dataops/wp-content/uploads/sites/20/2024/05/serv-4-184x190.png]
[shuvechhyabajracharya.com/dataops/wp-content/uploads/sites/20/2024/05/p1.jpg]
[shuvechhyabajracharya.com/dataops/wp-content/uploads/sites/20/2024/05/p2.jpg]
[shuvechhyabajracharya.com/dataops/wp-content/uploads/sites/20/2024/05/p4.jpg]
[shuvechhyabajracharya.com/dataops/portfolio-archive/the-app-market-on-google-play/index.html]
[shuvechhyabajracharya.com/dataops/portfolio-archive/image-caption-generation/index.html]
[shuvechhyabajracharya.com/dataops/wp-content/uploads/sites/20/2020/04/work-r4.jpg]
[shuvechhyabajracharya.com/dataops/portfolio-archive/technexts-data-analysis/index.html]
[shuvechhyabajracharya.com/dataops/wp-content/uploads/sites/20/2024/05/p5.jpg]
[shuvechhyabajracharya.com/dataops/portfolio-archive/analytics-dashboard-software-tool/index.html]
[shuvechhyabajracharya.com/dataops/wp-content/uploads/sites/20/2024/05/p3.jpg]
[shuvechhyabajracharya.com/dataops/wp-content/uploads/sites/20/2020/04/work6-1.jpg]
[shuvechhyabajracharya.com/dataops/portfolio-archive/investment-mobile-application/index.html]
[shuvechhyabajracharya.com/dataops/portfolio-archive/automation-system-production/index.html]
[bslthemes.com/import/ryancv/sysadmin/uploads/2022/07/certificate.jpg]
[shuvechhyabajracharya.com/dataops/wp-content/uploads/sites/20/2024/06/brand-3-456x512-1-1.png]
[shuvechhyabajracharya.com/dataops/wp-content/uploads/sites/20/2024/06/r1-184x204.jpg]
[shuvechhyabajracharya.com/dataops/wp-content/uploads/sites/20/2024/06/r2-184x204.jpg]
[shuvechhyabajracharya.com/dataops/wp-content/uploads/sites/20/2024/06/r3-184x204.jpg]
[shuvechhyabajracharya.com/dataops/wp-content/uploads/sites/20/2024/06/b1.png]
[shuvechhyabajracharya.com/dataops/wp-content/uploads/sites/20/2024/06/b2.png]
[shuvechhyabajracharya.com/dataops/wp-content/uploads/sites/20/2024/06/b3.png]
[shuvechhyabajracharya.com/dataops/wp-content/uploads/sites/20/2024/06/b4.png]
[shuvechhyabajracharya.com/dataops/wp-content/uploads/sites/20/2020/04/news1.jpg]
[shuvechhyabajracharya.com/dataops/wp-content/uploads/sites/20/2020/04/work1-2.jpg]
[shuvechhyabajracharya.com/dataops/wp-content/uploads/sites/20/2020/04/blog3.jpg]
[shuvechhyabajracharya.com/dataops/wp-content/plugins/autoptimize/classes/external/js/lazysizes.min.js]
[shuvechhyabajracharya.com/dataops/wp-content/cache/autoptimize/20/css/autoptimize_single_d2f7bd04633319cbf1c71d5f0bb281a8.css]
[shuvechhyabajracharya.com/dataops/wp-content/cache/autoptimize/20/css/autoptimize_single_866d21b69147734d05a843eb43532e52.css]
[shuvechhyabajracharya.com/dataops/wp-content/cache/autoptimize/20/css/autoptimize_single_d79ae2d753c9304a0493a421b72c006d.css]
[shuvechhyabajracharya.com/dataops/wp-content/cache/autoptimize/20/css/autoptimize_single_88cc2f16c8f6be60f3a405f8a20fa40d.css]
[shuvechhyabajracharya.com/dataops/wp-content/cache/autoptimize/20/css/autoptimize_single_0a566468fd13b6c4385f0e66f9fbe2d8.css]
[shuvechhyabajracharya.com/dataops/wp-content/cache/autoptimize/20/css/autoptimize_single_006e38010ace71852b6d6a094a50ff32.css]
[bslthemes.com/bslthms-advanced-btns/assets/script.js]
[shuvechhyabajracharya.com/dataops/index.html]
[shuvechhyabajracharya.com/dataops/wp-content/cache/autoptimize/20/js/autoptimize_e393844f46c6a0ea4e25ef1bc924ced7.js]
[shuvechhyabajracharya.com/dataops/wp-content/themes/ryancv/assets/images/quote.svg]
[shuvechhyabajracharya.com/dataops/wp-content/themes/ryancv/assets/fonts/ionicons790f.eot]
[shuvechhyabajracharya.com/dataops/wp-content/cache/autoptimize/20/css/autoptimize_3861d21fd7987a6987056c1bb4a6aa76.css]
[bslthemes.com/bslthms-advanced-btns/assets/style.css]
[shuvechhyabajracharya.com/dataops/wp-content/themes/ryancv/assets/webfonts/fa-brands-400.eot]
[shuvechhyabajracharya.com/dataops/wp-content/cache/autoptimize/20/css/autoptimize_single_688a4cc8fb687c0cfd7b05065f0ae6ef.css]
[shuvechhyabajracharya.com/dataops/wp-content/cache/autoptimize/20/css/autoptimize_single_dbaa29f13718f1c1243a9c2e8bc31bad.css]
[shuvechhyabajracharya.com/dataops/wp-content/cache/autoptimize/20/css/autoptimize_single_71c7d1816cd930c37d8cf71521ec0864.css]
[shuvechhyabajracharya.com/dataops/wp-content/themes/ryancv/assets/images/quote_d.svg]
[shuvechhyabajracharya.com/dataops/wp-content/uploads/sites/20/elementor/google-fonts/fonts/roboto-kfo5cnqeu92fr1mu53zec9_vu3r1gihoszmkc3kawzu.woff2]
[shuvechhyabajracharya.com/dataops/wp-content/cache/autoptimize/20/css/autoptimize_single_2e01d7c33896561776099676549c6975.css]
[shuvechhyabajracharya.com/dataops/wp-content/uploads/sites/20/elementor/google-fonts/fonts/robotoslab-bngmuxzytxpivibgjjsb6ufa5qw54a.woff2]
[shuvechhyabajracharya.com/dataops/wp-content/cache/autoptimize/20/css/autoptimize_single_291992b53cb1d70971080ccb6a012c11.css]
[shuvechhyabajracharya.com/dataops/wp-json/oembed/1.0/embed5ca2.json]
[shuvechhyabajracharya.com/dataops/wp-json/oembed/1.0/embeda927]
[shuvechhyabajracharya.com/dataops/wp-content/cache/autoptimize/20/css/autoptimize_90271960ccec5194c617de1bb5cd9a96.css]
[shuvechhyabajracharya.com/dataops/2020/04/28/brand-identity-with-code/feed/index.html]
[ryancv-demo.bslthemes.com/system-2/wp-content/uploads/2020/04/work1-1-300x197.46.delayed]
[shuvechhyabajracharya.com/dataops/author/oleksandr/index.html]
[ryancv-demo.bslthemes.com/system-2/wp-content/uploads/2020/04/work1-2-300x197.jpg]
[shuvechhyabajracharya.com/dataops/tag/html/index.html]
[shuvechhyabajracharya.com/dataops/tag/code/index.html]
[www.google.com/recaptcha/api07d0.js]
[shuvechhyabajracharya.com/dataops/tag/wordpress/index.html]
[shuvechhyabajracharya.com/dataops/tag/plugin/index.html]
[shuvechhyabajracharya.com/dataops/wp-content/cache/autoptimize/20/js/autoptimize_253e31b13e1c27c464d2ad9e9a3ab3c0.js]
[shuvechhyabajracharya.com/dataops/2020/04/28/brand-identity-with-code/index.html]
[shuvechhyabajracharya.com/dataops/2020/04/28/brand-identity-with-code/indexfa40.html]
[shuvechhyabajracharya.com/dataops/2020/04/28/brand-identity-with-code/index8528.html]
[shuvechhyabajracharya.com/dataops/2020/04/28/brand-identity-with-code/index360b.html]
[shuvechhyabajracharya.com/dataops/2020/04/28/data-center-infrastructure/feed/index.html]
[shuvechhyabajracharya.com/dataops/2020/04/28/data-center-infrastructure/index.html]
[shuvechhyabajracharya.com/dataops/2020/04/28/data-center-infrastructure/index04d3.html]
[shuvechhyabajracharya.com/dataops/2020/04/28/music-player-design/feed/index.html]
[shuvechhyabajracharya.com/dataops/2020/04/28/data-center-infrastructure/indexa858.html]
[bslthemes.com/ryancv/developer-demo/wp-content/uploads/2020/04/blog3-300x141.4e.delayed]
[bslthemes.com/ryancv/developer-demo/wp-content/uploads/2020/04/blog2-300x141.jpg]
[shuvechhyabajracharya.com/dataops/2020/04/28/music-player-design/index.html]
[shuvechhyabajracharya.com/dataops/2020/04/28/music-player-design/index6944.html]
[shuvechhyabajracharya.com/dataops/2020/04/28/data-analytics-dashboard/feed/index.html]
[ryancv-demo.bslthemes.com/system-2/wp-content/uploads/2020/04/news1-300x200.52.delayed]
[shuvechhyabajracharya.com/dataops/2020/04/28/data-analytics-dashboard/index.html]
[shuvechhyabajracharya.com/dataops/2020/04/28/creativity-is-more-than/feed/index.html]
[shuvechhyabajracharya.com/dataops/2020/04/28/creativity-is-more-than/index.html]
[shuvechhyabajracharya.com/dataops/2020/04/28/creativity-is-more-than/indexfc06.html]
[shuvechhyabajracharya.com/dataops/2020/04/index.html]
[shuvechhyabajracharya.com/dataops/wp-content/cache/autoptimize/20/js/autoptimize_a438f7b37ea4f4c5af750756c5471184.js]
[shuvechhyabajracharya.com/dataops/category/code/feed/index.html]
[shuvechhyabajracharya.com/dataops/category/code/index.html]
[shuvechhyabajracharya.com/dataops/category/design/feed/index.html]
[shuvechhyabajracharya.com/dataops/category/design/index.html]
[shuvechhyabajracharya.com/dataops/category/music/index.html]
[shuvechhyabajracharya.com/dataops/category/music/feed/index.html]
[shuvechhyabajracharya.com/dataops/wp-content/cache/autoptimize/20/css/autoptimize_46e0000e664b537558fbc046442ed3a1.css]
[shuvechhyabajracharya.com/dataops/wp-content/cache/autoptimize/20/css/autoptimize_single_7758e48630f9aded6111bbfdfebcd94c.css]
[shuvechhyabajracharya.com/dataops/wp-content/uploads/sites/20/2020/04/work-r2.jpg]
[shuvechhyabajracharya.com/dataops/wp-content/uploads/sites/20/2020/04/work-r2-1024x1024.jpg]
[shuvechhyabajracharya.com/dataops/wp-content/uploads/sites/20/2020/04/work-r3.jpg]
[shuvechhyabajracharya.com/dataops/wp-content/uploads/sites/20/2020/04/work-r3-1024x1024.jpg]
[shuvechhyabajracharya.com/dataops/portfolio-archive/the-app-market-on-google-play/index.html]
[shuvechhyabajracharya.com/dataops/portfolio_tags/mobile/index.html]
[shuvechhyabajracharya.com/dataops/portfolio_tags/app/index.html]
[shuvechhyabajracharya.com/dataops/portfolio_tags/python/index.html]
[shuvechhyabajracharya.com/dataops/wp-content/cache/autoptimize/20/js/autoptimize_4dbfa7396a2165a3242cb74730680362.js]
[shuvechhyabajracharya.com/dataops/wp-content/cache/autoptimize/20/css/autoptimize_single_97a4f5a66e77a14d4aaf4b7258524938.css]
[shuvechhyabajracharya.com/dataops/wp-content/uploads/sites/20/2020/04/work-r5.jpg]
[shuvechhyabajracharya.com/dataops/wp-content/uploads/sites/20/2020/04/work-r5-1024x915.jpg]
[shuvechhyabajracharya.com/dataops/wp-content/uploads/sites/20/2020/04/work-r6.jpg]
[shuvechhyabajracharya.com/dataops/wp-content/uploads/sites/20/2020/04/work-r6-1024x915.jpg]
[shuvechhyabajracharya.com/dataops/portfolio-archive/image-caption-generation/index.html]
[shuvechhyabajracharya.com/dataops/portfolio_tags/software/index.html]
[shuvechhyabajracharya.com/dataops/wp-content/cache/autoptimize/20/css/autoptimize_single_23ea05c8832ef581fa1eab12b049c428.css]
[shuvechhyabajracharya.com/dataops/wp-content/uploads/sites/20/2020/04/work-r9.jpg]
[shuvechhyabajracharya.com/dataops/wp-content/uploads/sites/20/2020/04/work-r10.jpg]
[shuvechhyabajracharya.com/dataops/portfolio-archive/technexts-data-analysis/index.html]
[shuvechhyabajracharya.com/dataops/portfolio_tags/bigquery/index.html]
[shuvechhyabajracharya.com/dataops/wp-content/cache/autoptimize/20/css/autoptimize_single_050b36019bdd4605f26bd0d8be3a32ad.css]
[shuvechhyabajracharya.com/dataops/portfolio-archive/analytics-dashboard-software-tool/index.html]
[shuvechhyabajracharya.com/dataops/wp-content/cache/autoptimize/20/css/autoptimize_single_8899b6c8557de350c4b291b19f2049b1.css]
[shuvechhyabajracharya.com/dataops/wp-content/uploads/sites/20/2020/04/work-r8.jpg]
[shuvechhyabajracharya.com/dataops/wp-content/uploads/sites/20/2020/04/work-r8-1024x1024.jpg]
[shuvechhyabajracharya.com/dataops/wp-content/uploads/sites/20/2020/04/work-r7.jpg]
[shuvechhyabajracharya.com/dataops/wp-content/uploads/sites/20/2020/04/work-r7-1024x1024.jpg]
[shuvechhyabajracharya.com/dataops/portfolio-archive/investment-mobile-application/index.html]
[shuvechhyabajracharya.com/dataops/wp-content/cache/autoptimize/20/css/autoptimize_single_ed81d29ebef9dd0dbc785272b28df262.css]
[shuvechhyabajracharya.com/dataops/wp-content/uploads/sites/20/2020/04/work1-1.jpg]
[shuvechhyabajracharya.com/dataops/portfolio-archive/automation-system-production/index.html]
[shuvechhyabajracharya.com/dataops/wp-content/cache/autoptimize/20/css/autoptimize_single_d2f7bd04633319cbf1c71d5f0bb281a8.css]
[shuvechhyabajracharya.com/dataops/wp-content/cache/autoptimize/20/css/autoptimize_single_866d21b69147734d05a843eb43532e52.css]
[shuvechhyabajracharya.com/dataops/wp-content/cache/autoptimize/20/css/autoptimize_single_d79ae2d753c9304a0493a421b72c006d.css]
[shuvechhyabajracharya.com/dataops/wp-content/cache/autoptimize/20/css/autoptimize_single_88cc2f16c8f6be60f3a405f8a20fa40d.css]
[shuvechhyabajracharya.com/dataops/wp-content/cache/autoptimize/20/css/autoptimize_single_0a566468fd13b6c4385f0e66f9fbe2d8.css]
[shuvechhyabajracharya.com/dataops/wp-content/cache/autoptimize/20/css/autoptimize_single_006e38010ace71852b6d6a094a50ff32.css]
[shuvechhyabajracharya.com/dataops/wp-content/themes/ryancv/assets/images/quote.svg]
[shuvechhyabajracharya.com/dataops/wp-content/themes/ryancv/assets/images/quote_d.svg]
[shuvechhyabajracharya.com/dataops/wp-content/cache/autoptimize/20/css/autoptimize_90271960ccec5194c617de1bb5cd9a96.css]
[shuvechhyabajracharya.com/dataops/indexb6ad.html]
[shuvechhyabajracharya.com/dataops/wp-json/oembed/1.0/embed5a13.json]
[shuvechhyabajracharya.com/dataops/wp-json/oembed/1.0/embedfbe3]
[shuvechhyabajracharya.com/dataops/wp-content/uploads/sites/20/2020/04/work3-1.jpg]
[shuvechhyabajracharya.com/dataops/author/oleksandr/feed/index.html]
[shuvechhyabajracharya.com/dataops/author/oleksandr/index.html]
[ryancv-demo.bslthemes.com/system-2/wp-content/uploads/2020/04/work1-1-300x197.html]
[ryancv-demo.bslthemes.com/system-2/wp-content/uploads/2020/04/work1-2-300x197.html]
[shuvechhyabajracharya.com/dataops/tag/code/feed/index.html]
[shuvechhyabajracharya.com/dataops/tag/code/index.html]
[shuvechhyabajracharya.com/dataops/tag/html/index.html]
[shuvechhyabajracharya.com/dataops/tag/html/feed/index.html]
[shuvechhyabajracharya.com/dataops/tag/plugin/index.html]
[shuvechhyabajracharya.com/dataops/tag/plugin/feed/index.html]
[shuvechhyabajracharya.com/dataops/tag/wordpress/index.html]
[shuvechhyabajracharya.com/dataops/2020/04/28/brand-identity-with-code/indexfa40.html]
[shuvechhyabajracharya.com/dataops/2020/04/28/brand-identity-with-code/index8528.html]
[shuvechhyabajracharya.com/dataops/2020/04/28/brand-identity-with-code/index360b.html]
[shuvechhyabajracharya.com/dataops/index6f72.html]
[shuvechhyabajracharya.com/dataops/wp-json/oembed/1.0/embedc995.json]
[shuvechhyabajracharya.com/dataops/wp-json/oembed/1.0/embed5edf]
[shuvechhyabajracharya.com/dataops/2020/04/28/data-center-infrastructure/indexa858.html]
[shuvechhyabajracharya.com/dataops/2020/04/28/data-center-infrastructure/index04d3.html]
[shuvechhyabajracharya.com/dataops/index65d2.html]
[shuvechhyabajracharya.com/dataops/wp-json/oembed/1.0/embed1d02.json]
[shuvechhyabajracharya.com/dataops/wp-json/oembed/1.0/embed2e6f]
[bslthemes.com/ryancv/developer-demo/wp-content/uploads/2020/04/blog3-300x141.html]
[bslthemes.com/ryancv/developer-demo/wp-content/uploads/2020/04/blog2-300x141.html]
[shuvechhyabajracharya.com/dataops/2020/04/28/music-player-design/index6944.html]
[shuvechhyabajracharya.com/dataops/index8e15.html]
[shuvechhyabajracharya.com/dataops/wp-json/oembed/1.0/embedb8e9.json]
[shuvechhyabajracharya.com/dataops/wp-json/oembed/1.0/embed6949]
[ryancv-demo.bslthemes.com/system-2/wp-content/uploads/2020/04/news1-300x200.html]
[shuvechhyabajracharya.com/dataops/index3fbb.html]
[shuvechhyabajracharya.com/dataops/wp-json/oembed/1.0/embedce50.json]
[shuvechhyabajracharya.com/dataops/wp-json/oembed/1.0/embede298]
[shuvechhyabajracharya.com/dataops/tag/wordpress/feed/index.html]
[shuvechhyabajracharya.com/dataops/2020/04/28/creativity-is-more-than/indexfc06.html]
[shuvechhyabajracharya.com/dataops/wp-content/cache/autoptimize/20/css/autoptimize_46e0000e664b537558fbc046442ed3a1.css]
[shuvechhyabajracharya.com/dataops/wp-content/cache/autoptimize/20/css/autoptimize_single_7758e48630f9aded6111bbfdfebcd94c.css]
[shuvechhyabajracharya.com/dataops/index287b.html]
[shuvechhyabajracharya.com/dataops/wp-json/oembed/1.0/embed5ae9.json]
[shuvechhyabajracharya.com/dataops/wp-json/oembed/1.0/embed9301]
[shuvechhyabajracharya.com/dataops/portfolio_tags/app/index.html]
[shuvechhyabajracharya.com/dataops/portfolio_tags/mobile/index.html]
[shuvechhyabajracharya.com/dataops/portfolio_tags/python/index.html]
[shuvechhyabajracharya.com/dataops/wp-content/cache/autoptimize/20/css/autoptimize_single_97a4f5a66e77a14d4aaf4b7258524938.css]
[shuvechhyabajracharya.com/dataops/indexbde5.html]
[shuvechhyabajracharya.com/dataops/wp-json/oembed/1.0/embedf23b.json]
[shuvechhyabajracharya.com/dataops/wp-json/oembed/1.0/embed00d2]
[shuvechhyabajracharya.com/dataops/portfolio_tags/software/index.html]
[shuvechhyabajracharya.com/dataops/portfolio_tags/mobile/feed/index.html]
[shuvechhyabajracharya.com/dataops/portfolio_tags/python/feed/index.html]
[shuvechhyabajracharya.com/dataops/portfolio_tags/app/feed/index.html]
[shuvechhyabajracharya.com/dataops/portfolio_tags/software/feed/index.html]
[shuvechhyabajracharya.com/dataops/wp-content/cache/autoptimize/20/css/autoptimize_single_23ea05c8832ef581fa1eab12b049c428.css]
[shuvechhyabajracharya.com/dataops/indexb135.html]
[shuvechhyabajracharya.com/dataops/wp-json/oembed/1.0/embed1904.json]
[shuvechhyabajracharya.com/dataops/wp-json/oembed/1.0/embedc9cf]
[shuvechhyabajracharya.com/dataops/portfolio_tags/bigquery/index.html]
[shuvechhyabajracharya.com/dataops/portfolio_tags/bigquery/feed/index.html]
[shuvechhyabajracharya.com/dataops/wp-content/cache/autoptimize/20/css/autoptimize_single_050b36019bdd4605f26bd0d8be3a32ad.css]
[shuvechhyabajracharya.com/dataops/indexe839.html]
[shuvechhyabajracharya.com/dataops/wp-json/oembed/1.0/embed73d9.json]
[shuvechhyabajracharya.com/dataops/wp-json/oembed/1.0/embed953b]
[shuvechhyabajracharya.com/dataops/wp-content/cache/autoptimize/20/css/autoptimize_single_8899b6c8557de350c4b291b19f2049b1.css]
[shuvechhyabajracharya.com/dataops/index8cae.html]
[shuvechhyabajracharya.com/dataops/wp-json/oembed/1.0/embedd070.json]
[shuvechhyabajracharya.com/dataops/wp-json/oembed/1.0/embed0547]
[shuvechhyabajracharya.com/dataops/wp-content/cache/autoptimize/20/css/autoptimize_single_ed81d29ebef9dd0dbc785272b28df262.css]
[shuvechhyabajracharya.com/dataops/index6cf3.html]
[shuvechhyabajracharya.com/dataops/wp-json/oembed/1.0/embed3efa.json]
[shuvechhyabajracharya.com/dataops/wp-json/oembed/1.0/embedc468]
[shuvechhyabajracharya.com/dataops/xmlrpc0db0.php]
[shuvechhyabajracharya.com/dataops/portfolio_tags/dashboard/index.html]
[shuvechhyabajracharya.com/dataops/portfolio_tags/dashboard/index.html]
[shuvechhyabajracharya.com/dataops/xmlrpc.php]
[shuvechhyabajracharya.com/dataops/portfolio_tags/dashboard/feed/index.html]
